// Jest Snapshot v1, https://goo.gl/fbAQLP

exports[`Button Atom Component Matches button snapshot 1`] = `
<button
  className="undefined cursor-pointer"
  data-testid="button"
  type="button"
>
  Search
</button>
`;
